bun test v1.3.10 (30e609e0)

tests\integration\batch-approval.spec.ts:
(pass) Story 2.7: Batch Approval Integration Tests > Task 9.2-9.3: 鎵归噺閫氳繃鍔熻兘 > given 鏈?涓緟瀹℃壒浠诲姟锛寃hen 鎵归噺閫氳繃锛宼hen 浠诲姟鐘舵€佸彉鏇翠负宸插畬鎴愶紝绉垎绱姞鍒板効绔ヨ处鎴?[359.00ms]
(pass) Story 2.7: Batch Approval Integration Tests > Task 9.2-9.3: 鎵归噺閫氳繃鍔熻兘 > given 鏈変笉鍚屽効绔ョ殑浠诲姟锛寃hen 鎵归噺閫氳繃锛宼hen 绉垎鍒嗗埆绱姞鍒板搴斿効绔ヨ处鎴?[469.00ms]
(pass) Story 2.7: Batch Approval Integration Tests > Task 9.4: 鎵归噺椹冲洖鍔熻兘 > given 鏈?涓緟瀹℃壒浠诲姟锛寃hen 鎵归噺椹冲洖锛宼hen 浠诲姟鐘舵€佽繑鍥炲緟瀹屾垚锛岃褰曢┏鍥炲師鍥?[313.00ms]
(pass) Story 2.7: Batch Approval Integration Tests > Task 9.4: 鎵归噺椹冲洖鍔熻兘 > given 椹冲洖鍘熷洜瓒呰繃200瀛楃锛寃hen 鎵归噺椹冲洖锛宼hen 杩斿洖閿欒 [281.00ms]
(pass) Story 2.7: Batch Approval Integration Tests > Task 9.4: 鎵归噺椹冲洖鍔熻兘 > given 椹冲洖鍘熷洜涓虹┖锛寃hen 鎵归噺椹冲洖锛宼hen 杩斿洖閿欒 [281.00ms]
(pass) Story 2.7: Batch Approval Integration Tests > Task 9.6: 绉垎绱姞鍜岀粨绠楅€昏緫 > given 浠诲姟琚€氳繃锛寃hen 绉垎缁撶畻锛宼hen 鍒涘缓绉垎鍘嗗彶璁板綍 [313.00ms]
(pass) Story 2.7: Batch Approval Integration Tests > Task 9.6: 绉垎绱姞鍜岀粨绠楅€昏緫 > given 澶氫釜浠诲姟琚€氳繃锛寃hen 绉垎缁撶畻锛宼hen 鎵€鏈変换鍔＄殑绉垎鎬诲拰姝ｇ‘ [328.00ms]
(pass) Story 2.7: Batch Approval Integration Tests > Task 9.7: 鎿嶄綔缁撴灉鏄剧ず > given 鎵归噺鎿嶄綔鎴愬姛锛寃hen 鏌ョ湅缁撴灉锛宼hen 杩斿洖姝ｇ‘鐨勬搷浣滅粺璁?[328.00ms]
[Performance] 鎵归噺閫氳繃 100 涓换鍔¤€楁椂: 972.47ms
(pass) Story 2.7: Batch Approval Integration Tests > Task 10.6: 鎬ц兘娴嬭瘯 > given 100涓緟瀹℃壒浠诲姟锛寃hen 鎵归噺閫氳繃锛宼hen 鑰楁椂灏忎簬500ms [1766.00ms]

 9 pass
 0 fail
 32 expect() calls
Ran 9 tests across 1 file. [4.62s]
